// Jest Snapshot v1, https://goo.gl/fbAQLP

exports[`Graphs should render a default component 1`] = `
<div
  className="graphs"
>
  default
</div>
`;

exports[`Graphs should render a default component 1`] = `
<div
  className="graphs"
>
  default
</div>
`;
